\BOOKMARK [0][-]{chapter.1}{\376\377\000I\000n\000t\000r\000o\000d\000u\000c\000t\000i\000o\000n}{}% 1
\BOOKMARK [1][-]{section.1.1}{\376\377\000B\000a\000c\000k\000g\000r\000o\000u\000n\000d}{chapter.1}% 2
\BOOKMARK [1][-]{section.1.2}{\376\377\000R\000e\000s\000e\000a\000r\000c\000h\000\040\000C\000o\000n\000t\000e\000x\000t}{chapter.1}% 3
\BOOKMARK [1][-]{section.1.3}{\376\377\000P\000r\000o\000b\000l\000e\000m\000\040\000I\000d\000e\000n\000t\000i\000f\000i\000c\000a\000t\000i\000o\000n}{chapter.1}% 4
\BOOKMARK [1][-]{section.1.4}{\376\377\000R\000e\000s\000e\000a\000r\000c\000h\000\040\000E\000v\000i\000d\000e\000n\000c\000e}{chapter.1}% 5
\BOOKMARK [1][-]{section.1.5}{\376\377\000R\000e\000s\000e\000a\000r\000c\000h\000\040\000G\000a\000p}{chapter.1}% 6
\BOOKMARK [1][-]{section.1.6}{\376\377\000R\000e\000s\000e\000a\000r\000c\000h\000\040\000Q\000u\000e\000s\000t\000i\000o\000n\000s}{chapter.1}% 7
\BOOKMARK [1][-]{section.1.7}{\376\377\000R\000e\000s\000e\000a\000r\000c\000h\000\040\000O\000b\000j\000e\000c\000t\000i\000v\000e\000s}{chapter.1}% 8
\BOOKMARK [1][-]{section.1.8}{\376\377\000R\000e\000s\000e\000a\000r\000c\000h\000\040\000S\000c\000o\000p\000e}{chapter.1}% 9
\BOOKMARK [1][-]{section.1.9}{\376\377\000E\000x\000p\000e\000c\000t\000e\000d\000\040\000C\000o\000n\000t\000r\000i\000b\000u\000t\000i\000o\000n\000s}{chapter.1}% 10
\BOOKMARK [1][-]{section.1.10}{\376\377\000P\000r\000o\000p\000o\000s\000a\000l\000\040\000O\000r\000g\000a\000n\000i\000z\000a\000t\000i\000o\000n}{chapter.1}% 11
\BOOKMARK [0][-]{chapter.2}{\376\377\000L\000i\000t\000e\000r\000a\000t\000u\000r\000e\000\040\000R\000e\000v\000i\000e\000w}{}% 12
\BOOKMARK [1][-]{section.2.1}{\376\377\000F\000a\000c\000i\000a\000l\000\040\000E\000x\000p\000r\000e\000s\000s\000i\000o\000n\000\040\000R\000e\000c\000o\000g\000n\000i\000t\000i\000o\000n}{chapter.2}% 13
\BOOKMARK [1][-]{section.2.2}{\376\377\000F\000E\000R\000\040\000D\000a\000t\000a\000s\000e\000t\000s\000\040\000a\000n\000d\000\040\000B\000e\000n\000c\000h\000m\000a\000r\000k\000s}{chapter.2}% 14
\BOOKMARK [1][-]{section.2.3}{\376\377\000F\000a\000c\000e\000\040\000R\000e\000p\000r\000e\000s\000e\000n\000t\000a\000t\000i\000o\000n\000\040\000L\000e\000a\000r\000n\000i\000n\000g}{chapter.2}% 15
\BOOKMARK [1][-]{section.2.4}{\376\377\000A\000r\000c\000F\000a\000c\000e\000\040\000a\000n\000d\000\040\000F\000a\000c\000e\000\040\000R\000e\000c\000o\000g\000n\000i\000t\000i\000o\000n\000\040\000R\000e\000p\000r\000e\000s\000e\000n\000t\000a\000t\000i\000o\000n\000s}{chapter.2}% 16
\BOOKMARK [1][-]{section.2.5}{\376\377\000T\000r\000a\000n\000s\000f\000e\000r\000\040\000/\000\040\000D\000o\000w\000n\000s\000t\000r\000e\000a\000m\000\040\000U\000s\000e\000\040\000o\000f\000\040\000F\000a\000c\000e\000\040\000R\000e\000p\000r\000e\000s\000e\000n\000t\000a\000t\000i\000o\000n\000s}{chapter.2}% 17
\BOOKMARK [1][-]{section.2.6}{\376\377\000F\000E\000R\000\040\000E\000r\000r\000o\000r\000\040\000A\000n\000a\000l\000y\000s\000i\000s}{chapter.2}% 18
\BOOKMARK [1][-]{section.2.7}{\376\377\000S\000k\000i\000n\000\040\000T\000o\000n\000e\000\040\000a\000n\000d\000\040\000D\000e\000m\000o\000g\000r\000a\000p\000h\000i\000c\000\040\000R\000o\000b\000u\000s\000t\000n\000e\000s\000s}{chapter.2}% 19
\BOOKMARK [1][-]{section.2.8}{\376\377\000E\000x\000i\000s\000t\000i\000n\000g\000\040\000S\000o\000l\000u\000t\000i\000o\000n\000s}{chapter.2}% 20
\BOOKMARK [1][-]{section.2.9}{\376\377\000S\000t\000a\000t\000e\000\040\000o\000f\000\040\000t\000h\000e\000\040\000A\000r\000t}{chapter.2}% 21
\BOOKMARK [1][-]{section.2.10}{\376\377\000R\000e\000s\000e\000a\000r\000c\000h\000\040\000G\000a\000p}{chapter.2}% 22
\BOOKMARK [1][-]{section*.4}{\376\377\000C\000i\000t\000a\000t\000i\000o\000n\000s\000\040\000R\000e\000q\000u\000i\000r\000i\000n\000g\000\040\000V\000e\000r\000i\000f\000i\000c\000a\000t\000i\000o\000n}{chapter.2}% 23
\BOOKMARK [0][-]{chapter.3}{\376\377\000R\000e\000s\000e\000a\000r\000c\000h\000\040\000M\000e\000t\000h\000o\000d\000o\000l\000o\000g\000y}{}% 24
\BOOKMARK [1][-]{section.3.1}{\376\377\000R\000e\000s\000e\000a\000r\000c\000h\000\040\000P\000a\000r\000a\000d\000i\000g\000m}{chapter.3}% 25
\BOOKMARK [1][-]{section.3.2}{\376\377\000D\000e\000s\000i\000g\000n\000\040\000R\000e\000s\000e\000a\000r\000c\000h\000\040\000M\000e\000t\000h\000o\000d\000o\000l\000o\000g\000y}{chapter.3}% 26
\BOOKMARK [1][-]{section.3.3}{\376\377\000C\000o\000n\000c\000e\000p\000t\000u\000a\000l\000\040\000F\000r\000a\000m\000e\000w\000o\000r\000k}{chapter.3}% 27
\BOOKMARK [1][-]{section.3.4}{\376\377\000R\000e\000s\000e\000a\000r\000c\000h\000\040\000A\000c\000t\000i\000v\000i\000t\000i\000e\000s}{chapter.3}% 28
\BOOKMARK [1][-]{section.3.5}{\376\377\000D\000a\000t\000a\000\040\000S\000o\000u\000r\000c\000e\000s}{chapter.3}% 29
\BOOKMARK [1][-]{section.3.6}{\376\377\000D\000a\000t\000a\000s\000e\000t\000\040\000P\000r\000e\000p\000a\000r\000a\000t\000i\000o\000n}{chapter.3}% 30
\BOOKMARK [1][-]{section.3.7}{\376\377\000G\000r\000o\000u\000n\000d\000\040\000T\000r\000u\000t\000h\000\040\000/\000\040\000A\000n\000n\000o\000t\000a\000t\000i\000o\000n}{chapter.3}% 31
\BOOKMARK [1][-]{section.3.8}{\376\377\000A\000r\000t\000i\000f\000a\000c\000t\000\040\000D\000e\000v\000e\000l\000o\000p\000m\000e\000n\000t}{chapter.3}% 32
\BOOKMARK [1][-]{section.3.9}{\376\377\000D\000e\000m\000o\000n\000s\000t\000r\000a\000t\000i\000o\000n}{chapter.3}% 33
\BOOKMARK [1][-]{section.3.10}{\376\377\000E\000v\000a\000l\000u\000a\000t\000i\000o\000n}{chapter.3}% 34
\BOOKMARK [1][-]{section.3.11}{\376\377\000A\000n\000a\000l\000y\000s\000i\000s}{chapter.3}% 35
\BOOKMARK [1][-]{section.3.12}{\376\377\000L\000e\000a\000r\000n\000i\000n\000g\000\040\000/\000\040\000R\000e\000f\000i\000n\000e\000m\000e\000n\000t}{chapter.3}% 36
\BOOKMARK [1][-]{section.3.13}{\376\377\000V\000a\000l\000i\000d\000i\000t\000y\000\040\000T\000h\000r\000e\000a\000t\000s}{chapter.3}% 37
\BOOKMARK [1][-]{section.3.14}{\376\377\000E\000t\000h\000i\000c\000a\000l\000\040\000C\000o\000n\000s\000i\000d\000e\000r\000a\000t\000i\000o\000n\000s}{chapter.3}% 38
\BOOKMARK [0][-]{chapter.4}{\376\377\000P\000r\000o\000p\000o\000s\000e\000d\000\040\000D\000e\000s\000i\000g\000n}{}% 39
\BOOKMARK [1][-]{section.4.1}{\376\377\000P\000r\000o\000b\000l\000e\000m\000-\000t\000o\000-\000R\000e\000q\000u\000i\000r\000e\000m\000e\000n\000t\000\040\000T\000r\000a\000c\000e\000a\000b\000i\000l\000i\000t\000y}{chapter.4}% 40
\BOOKMARK [1][-]{section.4.2}{\376\377\000D\000e\000s\000i\000g\000n\000\040\000R\000e\000q\000u\000i\000r\000e\000m\000e\000n\000t\000s}{chapter.4}% 41
\BOOKMARK [1][-]{section.4.3}{\376\377\000A\000r\000t\000i\000f\000a\000c\000t\000\040\000D\000e\000f\000i\000n\000i\000t\000i\000o\000n}{chapter.4}% 42
\BOOKMARK [1][-]{section.4.4}{\376\377\000A\000r\000t\000i\000f\000a\000c\000t\000\040\000A\000r\000c\000h\000i\000t\000e\000c\000t\000u\000r\000e}{chapter.4}% 43
\BOOKMARK [1][-]{section.4.5}{\376\377\000D\000e\000s\000i\000g\000n\000\040\000R\000a\000t\000i\000o\000n\000a\000l\000e}{chapter.4}% 44
\BOOKMARK [1][-]{section.4.6}{\376\377\000C\000o\000m\000p\000o\000n\000e\000n\000t\000s}{chapter.4}% 45
\BOOKMARK [1][-]{section.4.7}{\376\377\000A\000s\000s\000u\000m\000p\000t\000i\000o\000n\000s}{chapter.4}% 46
\BOOKMARK [1][-]{section.4.8}{\376\377\000C\000o\000n\000s\000t\000r\000a\000i\000n\000t\000s}{chapter.4}% 47
\BOOKMARK [1][-]{section.4.9}{\376\377\000E\000x\000p\000e\000c\000t\000e\000d\000\040\000B\000e\000h\000a\000v\000i\000o\000r}{chapter.4}% 48
\BOOKMARK [1][-]{section*.5}{\376\377\000L\000i\000m\000i\000t\000a\000t\000i\000o\000n\000s\000\040\000o\000f\000\040\000t\000h\000e\000\040\000C\000u\000r\000r\000e\000n\000t\000\040\000D\000e\000s\000i\000g\000n\000\040\000S\000t\000a\000t\000e}{chapter.4}% 49
\BOOKMARK [0][-]{chapter.5}{\376\377\000E\000v\000a\000l\000u\000a\000t\000i\000o\000n\000\040\000P\000l\000a\000n}{}% 50
\BOOKMARK [1][-]{section.5.1}{\376\377\000E\000v\000a\000l\000u\000a\000t\000i\000o\000n\000\040\000O\000b\000j\000e\000c\000t\000i\000v\000e\000s}{chapter.5}% 51
\BOOKMARK [1][-]{section.5.2}{\376\377\000E\000v\000a\000l\000u\000a\000t\000i\000o\000n\000\040\000C\000r\000i\000t\000e\000r\000i\000a}{chapter.5}% 52
\BOOKMARK [1][-]{section.5.3}{\376\377\000E\000v\000a\000l\000u\000a\000t\000i\000o\000n\000\040\000M\000e\000t\000r\000i\000c\000s}{chapter.5}% 53
\BOOKMARK [1][-]{section.5.4}{\376\377\000B\000a\000s\000e\000l\000i\000n\000e}{chapter.5}% 54
\BOOKMARK [1][-]{section.5.5}{\376\377\000E\000x\000p\000e\000r\000i\000m\000e\000n\000t\000a\000l\000\040\000D\000e\000s\000i\000g\000n}{chapter.5}% 55
\BOOKMARK [1][-]{section.5.6}{\376\377\000E\000r\000r\000o\000r\000\040\000A\000n\000a\000l\000y\000s\000i\000s}{chapter.5}% 56
\BOOKMARK [1][-]{section.5.7}{\376\377\000S\000k\000i\000n\000-\000T\000o\000n\000e\000-\000S\000t\000r\000a\000t\000i\000f\000i\000e\000d\000\040\000A\000n\000a\000l\000y\000s\000i\000s}{chapter.5}% 57
\BOOKMARK [1][-]{section.5.8}{\376\377\000S\000t\000a\000t\000i\000s\000t\000i\000c\000a\000l\000\040\000A\000n\000a\000l\000y\000s\000i\000s}{chapter.5}% 58
\BOOKMARK [1][-]{section.5.9}{\376\377\000V\000a\000l\000i\000d\000i\000t\000y\000\040\000T\000h\000r\000e\000a\000t\000s}{chapter.5}% 59
\BOOKMARK [1][-]{section.5.10}{\376\377\000E\000x\000p\000e\000c\000t\000e\000d\000\040\000E\000v\000i\000d\000e\000n\000c\000e}{chapter.5}% 60
